// Jest Snapshot v1, https://goo.gl/fbAQLP

exports[`ADMIN TEST SUITE Admin Component should render the Admin Page 1`] = `
<div>
  <div
    className="adminbox"
  >
    <Link
      replace={false}
      to="/addproduct"
    >
      <button
        className="addproduct"
        id="butt"
      >
        +Add Product
      </button>
    </Link>
    <div
      style={
        Object {
          "overflowX": "auto",
        }
      }
    >
      <h3>
        loading product please wait...
      </h3>
    </div>
  </div>
</div>
`;

exports[`ADMIN TEST SUITE Admin Component should render the Admin container 1`] = `
<ContextConsumer>
  <Component />
</ContextConsumer>
`;
