// Jest Snapshot v1, https://goo.gl/fbAQLP

exports[`App should render App 1`] = `
<div>
  <header>
    <input
      id="value1"
      name="image"
      readOnly={true}
      type="radio"
    />
    <input
      id="value2"
      name="image"
      readOnly={true}
      type="radio"
    />
    <input
      id="value3"
      name="image"
      readOnly={true}
      type="radio"
    />
    <input
      id="value4"
      name="image"
      readOnly={true}
      type="radio"
    />
    <input
      id="value5"
      name="image"
      readOnly={true}
      type="radio"
    />
    <div
      className="slide_img"
      id="one"
    >
      <img
        src={Object {}}
      />
      <label
        className="prev"
        htmlFor="value5"
      />
      <label
        className="next"
        htmlFor="value2"
      />
    </div>
    <div
      className="slide_img"
      id="two"
    >
      <img
        src={Object {}}
      />
      <label
        className="prev"
        htmlFor="value1"
      />
      <label
        className="next"
        htmlFor="value3"
      />
    </div>
    <div
      className="slide_img"
      id="three"
    >
      <img
        src={Object {}}
      />
      <label
        className="prev"
        htmlFor="value2"
      />
      <label
        className="next"
        htmlFor="value4"
      />
    </div>
    <div
      className="slide_img"
      id="four"
    >
      <img
        src={Object {}}
      />
      <label
        className="prev"
        htmlFor="value3"
      />
      <label
        className="next"
        htmlFor="value5"
      />
    </div>
    <div
      className="slide_img"
      id="five"
    >
      <img
        src={Object {}}
      />
      <label
        className="prev"
        htmlFor="value4"
      />
      <label
        className="next"
        htmlFor="value1"
      />
    </div>
    <div
      id="nav_slide"
    >
      <label
        className="dots"
        htmlFor="value1"
        id="dot1"
      />
      <label
        className="dots"
        htmlFor="value2"
        id="dot2"
      />
      <label
        className="dots"
        htmlFor="value3"
        id="dot3"
      />
      <label
        className="dots"
        htmlFor="value4"
        id="dot4"
      />
      <label
        className="dots"
        htmlFor="value5"
        id="dot5"
      />
    </div>
  </header>
</div>
`;
