// Jest Snapshot v1, https://goo.gl/fbAQLP

exports[`Login Component should redirect page if login is successful 1`] = `
<Fragment>
  <div>
    <div
      className="formbox"
    >
      <div>
        Login was Successful. 
        <Redirect
          push={false}
          to="/products"
        />
         
      </div>
      <div
        className="log_head"
      >
        <h1>
          Login Here
        </h1>
      </div>
      <form
        onSubmit={[Function]}
      >
        <p>
          Email
        </p>
        <input
          id="email"
          name="email"
          placeholder="Enter  Email"
          type="email"
        />
        <p>
          Password
        </p>
        <input
          id="password"
          name="password"
          placeholder="Enter password"
          type="password"
        />
        <input
          name=""
          type="submit"
          value="submit"
        />
      </form>
      <div
        className="form_footer"
      >
        <p>
          Store Manager copyright &copy 2018 
        </p>
      </div>
    </div>
  </div>
</Fragment>
`;
